// Jest Snapshot v1, https://goo.gl/fbAQLP

exports[`LocationPicker should match snapshot 1`] = `ReactWrapper {}`;
