// Jest Snapshot v1, https://goo.gl/fbAQLP

exports[`ModalStatusToggle should match snapshot 1`] = `ReactWrapper {}`;
