// Jest Snapshot v1, https://goo.gl/fbAQLP

exports[`AuthMessageWidget should match snapshot 1`] = `ShallowWrapper {}`;
