// Jest Snapshot v1, https://goo.gl/fbAQLP

exports[`AuthForm should match snapshot 1`] = `ReactWrapper {}`;
