// Jest Snapshot v1, https://goo.gl/fbAQLP

exports[`AuthFormLinks should match snapshot 1`] = `ShallowWrapper {}`;
